0 verbose cli /usr/local/bin/node /usr/local/lib/node_modules/npm/bin/npm-cli.js
1 info using npm@11.13.0
2 info using node@v24.16.0
3 silly config load:file:/usr/local/lib/node_modules/npm/npmrc
4 silly config load:file:/Users/yerikakhmetov/Documents/MatAcademy Offline/.npmrc
5 silly config load:file:/Users/yerikakhmetov/.npmrc
6 silly config load:file:/usr/local/etc/npmrc
7 verbose title npm exec tsc --noEmit
8 verbose argv "exec" "--" "tsc" "--noEmit"
9 verbose logfile logs-max:10 dir:/Users/yerikakhmetov/Documents/MatAcademy Offline/.npmcache/_logs/2026-09-02T06_22_04_912Z-
10 verbose logfile /Users/yerikakhmetov/Documents/MatAcademy Offline/.npmcache/_logs/2026-09-02T06_22_04_912Z-debug-0.log
11 silly logfile done cleaning log files
12 http fetch GET 200 https://registry.npmjs.org/npm 558ms
13 verbose cwd /Users/yerikakhmetov/Documents/MatAcademy Offline
14 verbose os Darwin 25.5.0
15 verbose node v24.16.0
16 verbose npm  v11.13.0
17 notice
17 notice New major version of npm available! 11.13.0 -> 12.0.2
17 notice Changelog: https://github.com/npm/cli/releases/tag/v12.0.2
17 notice To update run: npm install -g npm@12.0.2
17 notice  { force: true, Symbol(proc-log.meta): true }
18 verbose exit 1
19 verbose code 1
